---
source: crates/rupu-cli/src/output/live_view/panes.rs
expression: s
---
release-train  ● mint-tundra  ⏸ awaiting_approval · 7m 41s
step 1/3  ████████░░░░░░░░░░░░░░░░  ⏸ approve-deploy
─ structure ────────────────────────────┬─ stream · approve-deploy ─────────────────────────────────
  ✓  build  builder · he… ···· ✓ 1m 36s │ waiting for activity…
  │                                     │
▸ ⏸  approve-deploy  g… ···· ⏸ awaiting │
  │                                     │
  ○  deploy  deployer                   │
                                        │
                                        │
                                        │
                                        │
                                        │
                                        │
                                        │
                                        │
                                        │
                                        ├─ live · 0 active ─────────────────────────────────────────
                                        │ waiting for activity…
                                        │
                                        │
                                        │
                                        │
                                        │
                                        │
                                        │
                                        │
a approve · r reject · v findings · Esc pause · q quit
