---
source: crates/rupu-cli/src/output/live_view/layout.rs
expression: s
---
assess-services  ● mint-tundra  ◐ running · 4m 12s
step 28/40  █████████████████░░░░░░░  ◐ hunt
⇡6100000 ⇣420000 $18.40 · ⚑2
  ✓ stage-00 … stage-29  (+28 done · 2 skipped)
  ◐ hunt · for_each · 86 units
    ▓▓▓▓▓▓▓▓▓▓▓▓░░░░░░░░ 52/86 ✓52 ◐6 ✗2 ○26
    ┣━ ◐ otter#57 · svc-56 · anthropic/claude-opus-5-5 ···· ◐ running
    ┣━ ◐ svc-57 · anthropic/claude-opus-5-5 ···· ◐ running
    ┣━ ◐ otter#59 · svc-58 · anthropic/claude-opus-5-5 ···· ◐ running
    ┣━ ◐ otter#60 · svc-59 · anthropic/claude-opus-5-5 ···· ◐ running
    ┗━ … +82 more · [enter] expand
  ○ verify ···· ○ pending
  ○ triage ···· ○ pending
  ○ report ···· ○ pending
  ○ notify ···· ○ pending
  ○ ticket ···· ○ pending
  ○ archive ···· ○ pending
  ○ digest ···· ○ pending
  ○ publish · cleanup  (+2 pending)
feed 08 otter#57 read_file src/lib.rs
feed 09 otter#57 read_file src/lib.rs
feed 10 otter#57 read_file src/lib.rs
feed 11 otter#57 read_file src/lib.rs
↑↓ move · enter drill · ← back · / filter · Esc pause · q quit
