---
source: crates/rupu-cli/src/output/live_view/panes.rs
assertion_line: 1190
expression: s
---
assess-services  ● mint-tundra  ◐ running · 4m 12s
step 1/3  ████████░░░░░░░░░░░░░░░░  ◐ sweep
⇡6.1M ⇣420k $18.40 · ⚑2
─ structure · tab cycles panes ─────────────────────────────
  ✓  preflight  scanner · heron#1 ···· ✓ 18s
  │
  ◐  sweep  sweeper · otter#2 ···· ◐ running
  │
  ○  report  reporter
↑↓ move · enter drill · tab pane · Esc pause · q quit
