---
source: crates/rupu-cli/src/output/live_view/panes.rs
assertion_line: 633
expression: s
---
assess-services  ● mint-tundra  ◐ running · 4m 12s
step 1/3  ████████░░░░░░░░░░░░░░░░  ◐ sweep
⇡6100000 ⇣420000 $18.40 · ⚑2
─ structure ────────────────────────────┬─ stream · run ────────────────────────────────────────────
  ✓  preflight  scanner · h… ···· ✓ 18s │ 11:42:31 ▸ read_file src/lib.rs
  │                                     │ 11:42:33 ◇ thinking "check the auth path"
  ◐  sweep  sweeper · o… ···· ◐ running │ 11:42:39 ⚑ HIGH unchecked unwrap
  │                                     │ 11:42:44 ▪ assistant wrote the report
  ○  report  reporter                   │
                                        │
                                        │
                                        │
                                        │
                                        │
                                        │
                                        │
                                        │
                                        ├─ live · 1 active ─────────────────────────────────────────
                                        │ otter#2  ▸ grep unwrap
                                        │ heron#1  ✓ done
                                        │ lynx#3   ▸ read_file Cargo.toml
                                        │
                                        │
                                        │
                                        │
                                        │
                                        │
↑↓ move · enter drill · ← back · / filter · tab pane · Esc pause · q quit
