---
source: crates/rupu-cli/src/output/live_view/panes.rs
assertion_line: 1702
expression: s
---
breakers  ● mint-tundra  ◐ running · 6m 02s
step 1/3  ████████░░░░░░░░░░░░░░░░  ◐ hunt
─ structure ────────────────────────────────────┬─ stream · hunt › otter#6 ─────────────────────────────────────────────
  ✓  preflight  scanner · heron#1 ···· ✓ 21s    │ otter#6 ▸ read_file svc/billing/ledger.rs
  │                                             │ otter#6 ◇ thinking amounts are summed as f64 before rounding
▸ ├─╭─ ⊞ hunt  for_each · runti… ···· ◐ running │ otter#6 ▸ grep as f64
  │ │ ▓▓▓▓▓▓▓▓░░░░░░░░░░░░ 4/10 ✓4 ◐3 ✗1 ○2     │ otter#6 ⚑ MEDIUM ledger totals lose cents
  │ ✓├─ svc-0  ant… ···· ✓ done @mini · otter#1 │ otter#6 ▸ read_file svc/billing/rounding.rs
  │ ✓├─ svc-1  ant… ···· ✓ done @kuki · heron#2 │ otter#6 ▪ Two call sites convert cents to f64 before summing.
  │ ✓├─ svc-2  anth… ···· ✓ done @mini · wren#3 │
  │ ✓├─ svc-3  ant… ···· ✓ done @kuki · egret#4 │
  │ ✗├─ svc-4  an… ···· ✗ failed @mini · lynx#5 │
▸ │ ◐├─ svc-5  … ···· ◐ running @kuki · otter#6 │
  │ ◐├─ svc-6  … ···· ◐ running @mini · heron#7 │
  │ ◐├─ svc-7  a… ···· ◐ running @kuki · wren#8 │
  │ ○├─ svc-8 ···· ○ queued                     │
  │ ○├─ svc-9 ···· ○ queued                     │
  │ ◄─╰─                                        │
  │                                             │
  ○  report  reporter                           │
                                                ├─ live · 3 active · 2 hosts ───────────────────────────────────────────
                                                │ heron#7 ▸ grep unwrap()
                                                │ otter#6 ▸ read_file svc/billing/ledger.rs
                                                │ wren#8 ▸ read_file svc/search/index.rs
                                                │ otter#6 ▸ grep as f64
                                                │ heron#7 ▸ read_file svc/auth/session.rs
                                                │ otter#6 ⚑ MEDIUM ledger totals lose cents
                                                │
                                                │
                                                │
                                                │
                                                │
                                                │
↑↓ move · enter drill · ← back · / filter · tab pane · Esc pause · q quit
