---
source: crates/rupu-runtime/tests/it/assembly.rs
expression: rows
---
flow_lead:
  surface: agentiflow
  scope: af_1
  depth: 0
  parent: ~
  root: ~
  step_id: ~
  codename: jade-reef/heron
  provider: anthropic
  model: claude-sonnet-4-6
  alias_scope: FlowLead
  permission: bypass
  bash_timeout_secs: 45
  bash_env_allowlist:
    - AWS_PROFILE
  findings_profile: full
  findings_artifact_root: "<home>/global/findings/artifacts"
  usage_ledger: "<home>/global/agentiflows/af_1/usage.jsonl"
  coverage_stream: ~
  netflow: true
  net_capture: false
  scm: true
  dispatcher: false
  customer: acme
  output_tokens: 1234
  context_window: OneMillion
  recovery_chain: 1
  hop_builder: true
  max_turns: 9
  admission: true
  grant_offers_dispatch_agent: false
  grant_offers_issues_create: true
  narrowed: []
flow_unit:
  surface: agentiflow
  scope: af_1
  depth: 0
  parent: ~
  root: ~
  step_id: ~
  codename: jade-reef/heron
  provider: anthropic
  model: claude-sonnet-4-6
  alias_scope: Everywhere
  permission: bypass
  bash_timeout_secs: 45
  bash_env_allowlist:
    - AWS_PROFILE
  findings_profile: full
  findings_artifact_root: "<home>/global/findings/artifacts"
  usage_ledger: "<home>/global/runs/run_flow_unit/usage.jsonl"
  coverage_stream: "<home>/global/runs/run_flow_unit/coverage.jsonl"
  netflow: true
  net_capture: false
  scm: true
  dispatcher: true
  customer: acme
  output_tokens: 1234
  context_window: OneMillion
  recovery_chain: 1
  hop_builder: true
  max_turns: 9
  admission: true
  grant_offers_dispatch_agent: true
  grant_offers_issues_create: true
  narrowed: []
session_turn:
  surface: session
  scope: ses_1
  depth: 0
  parent: ~
  root: ~
  step_id: ~
  codename: jade-reef/heron
  provider: anthropic
  model: claude-sonnet-4-6
  alias_scope: Everywhere
  permission: bypass
  bash_timeout_secs: 45
  bash_env_allowlist:
    - AWS_PROFILE
  findings_profile: full
  findings_artifact_root: "<home>/global/findings/artifacts"
  usage_ledger: "<home>/global/sessions/ses_1/usage.jsonl"
  coverage_stream: ~
  netflow: true
  net_capture: false
  scm: true
  dispatcher: true
  customer: acme
  output_tokens: 1234
  context_window: OneMillion
  recovery_chain: 1
  hop_builder: true
  max_turns: 9
  admission: true
  grant_offers_dispatch_agent: true
  grant_offers_issues_create: true
  narrowed: []
standalone:
  surface: agent
  scope: probe
  depth: 0
  parent: ~
  root: ~
  step_id: ~
  codename: jade-reef/heron
  provider: anthropic
  model: claude-sonnet-4-6
  alias_scope: Everywhere
  permission: bypass
  bash_timeout_secs: 45
  bash_env_allowlist:
    - AWS_PROFILE
  findings_profile: full
  findings_artifact_root: "<home>/global/findings/artifacts"
  usage_ledger: "<home>/global/runs/run_standalone/usage.jsonl"
  coverage_stream: "<home>/global/runs/run_standalone/coverage.jsonl"
  netflow: true
  net_capture: false
  scm: true
  dispatcher: true
  customer: acme
  output_tokens: 1234
  context_window: OneMillion
  recovery_chain: 1
  hop_builder: true
  max_turns: 9
  admission: true
  grant_offers_dispatch_agent: true
  grant_offers_issues_create: true
  narrowed: []
sub_agent:
  surface: workflow
  scope: security-review
  depth: 1
  parent: run_step
  root: run_step
  step_id: ~
  codename: jade-reef/heron
  provider: anthropic
  model: claude-sonnet-4-6
  alias_scope: Everywhere
  permission: ask
  bash_timeout_secs: 45
  bash_env_allowlist:
    - AWS_PROFILE
  findings_profile: full
  findings_artifact_root: "<home>/global/findings/artifacts"
  usage_ledger: "<home>/global/runs/run_wf/usage.jsonl"
  coverage_stream: "<home>/global/runs/run_root/coverage.jsonl"
  netflow: true
  net_capture: false
  scm: true
  dispatcher: true
  customer: acme
  output_tokens: 1234
  context_window: OneMillion
  recovery_chain: 1
  hop_builder: true
  max_turns: 9
  admission: true
  grant_offers_dispatch_agent: true
  grant_offers_issues_create: true
  narrowed: []
workflow_step:
  surface: workflow
  scope: security-review
  depth: 0
  parent: ~
  root: ~
  step_id: assess
  codename: jade-reef/heron
  provider: anthropic
  model: claude-sonnet-4-6
  alias_scope: Everywhere
  permission: bypass
  bash_timeout_secs: 45
  bash_env_allowlist:
    - AWS_PROFILE
  findings_profile: full
  findings_artifact_root: "<home>/global/findings/artifacts"
  usage_ledger: "<home>/global/runs/run_wf/usage.jsonl"
  coverage_stream: ~
  netflow: true
  net_capture: false
  scm: true
  dispatcher: true
  customer: acme
  output_tokens: 1234
  context_window: OneMillion
  recovery_chain: 1
  hop_builder: true
  max_turns: 9
  admission: true
  grant_offers_dispatch_agent: true
  grant_offers_issues_create: true
  narrowed:
    - github.workflows_dispatch
    - gitlab.pipeline_trigger
    - scm.branches.create
    - scm.branches.list
    - scm.files.read
    - scm.prs.comment
    - scm.prs.create
    - scm.prs.diff
    - scm.prs.get
    - scm.prs.list
    - scm.repos.get
    - scm.repos.list
