---
source: crates/rupu-tui/tests/render_snapshot.rs
assertion_line: 29
expression: buffer_to_string(&buf)
---
┌──────────────┐    ┌──────────────┐    ┌──────────────┐                        
│✓ a           │    │✓ b           │    │◐ c           │                        
└──────────────┘    └──────────────┘    └──────────────┘
