---
source: crates/rupu-tui/tests/render_snapshot.rs
assertion_line: 47
expression: buffer_to_string(&term.backend().buffer().clone())
---
╭────────────────────╮····╭────────────────────╮····················································
│████████████████████│····│████████████████████│····················································
│·✓ a················│═══▶│·○ b················│····················································
│·done···············│····│·waiting············│····················································
╰────────────────────╯····╰────────────────────╯····················································
···········║························································································
···········║··············╭────────────────────╮····················································
···········║··············│████████████████████│····················································
···········╚═════════════▶│·○ c················│····················································
··························│·waiting············│····················································
··························╰────────────────────╯····················································
····································································································
····································································································
····································································································
····································································································
····································································································
