---
source: crates/rupu-tui/tests/render_snapshot.rs
assertion_line: 31
expression: buffer_to_string(&buf)
---
╭────────────────────╮····╭────────────────────╮····╭────────────────────╮··························
│████████████████████│····│████████████████████│····│████████████████████│··························
│·✓ a················│═══▶│·✓ b················│═══▶│·◐ c················│··························
│·done···············│····│·done···············│····│·running · code-age·│··························
╰────────────────────╯····╰────────────────────╯····╰────────────────────╯··························
····································································································
····································································································
····································································································
····································································································
····································································································
····································································································
····································································································
····································································································
····································································································
